[00:10:00] [main/INFO]: Loading Minecraft 1.21.1 with Fabric Loader 0.19.5
[00:10:00] [main/WARN]: Warnings were found!
 - Mod 'Forge Config API Port' (forgeconfigapiport) 21.1.6 recommends any version of modmenu, which is missing!
	 - You should install any version of modmenu for the optimal experience.
[00:10:00] [main/INFO]: Loading 83 mods:
	- balm 21.0.65
	   \-- kuma_api 21.0.8
	- c2me 0.4.0-alpha.0.27+1.21.1
	   |-- c2me-base 0.4.0-alpha.0.27+1.21.1
	   |-- c2me-fixes-chunkio-threading-issues 0.4.0-alpha.0.27+1.21.1
	   |-- c2me-fixes-general-threading-issues 0.4.0-alpha.0.27+1.21.1
	   |-- c2me-fixes-worldgen-threading-issues 0.4.0-alpha.0.27+1.21.1
	   |-- c2me-fixes-worldgen-vanilla-bugs 0.4.0-alpha.0.27+1.21.1
	   |-- c2me-notickvd 0.4.0-alpha.0.27+1.21.1
	   |-- c2me-opts-allocs 0.4.0-alpha.0.27+1.21.1
	   |-- c2me-opts-chunkio 0.4.0-alpha.0.27+1.21.1
	   |-- c2me-opts-dfc 0.4.0-alpha.0.27+1.21.1
	   |-- c2me-opts-math 0.4.0-alpha.0.27+1.21.1
	   |-- c2me-opts-natives-math 0.4.0-alpha.0.27+1.21.1
	   |-- c2me-opts-scheduling 0.4.0-alpha.0.27+1.21.1
	   |-- c2me-opts-worldgen-general 0.4.0-alpha.0.27+1.21.1
	   |-- c2me-opts-worldgen-vanilla 0.4.0-alpha.0.27+1.21.1
	   |-- c2me-rewrites-chunk-system 0.4.0-alpha.0.27+1.21.1
	   |-- c2me-rewrites-chunkio 0.4.0-alpha.0.27+1.21.1
	   |-- c2me-server-utils 0.4.0-alpha.0.27+1.21.1
	   |-- c2me-threading-lighting 0.4.0-alpha.0.27+1.21.1
	   |-- com_github_ben-manes_caffeine_caffeine 3.2.1
	   |-- com_ibm_async_asyncutil 0.1.0
	   |-- io_reactivex_rxjava3_rxjava 3.1.12
	   |-- mixinsquared 0.3.7-beta.1
	   |-- net_objecthunter_exp4j 0.4.8
	   |-- org_jctools_jctools-core 4.0.5
	   \-- org_reactivestreams_reactive-streams 1.0.4
	- fabric-api 0.116.17+1.21.1
	   |-- fabric-api-base 0.4.42+6573ed8c19
	   |-- fabric-api-lookup-api-v1 1.6.72+7b3d111d19
	   |-- fabric-biome-api-v1 13.0.31+d527f9fd19
	   |-- fabric-block-api-v1 1.1.0+0bc3503219
	   |-- fabric-block-view-api-v2 1.0.11+ebb2264e19
	   |-- fabric-command-api-v1 1.2.49+f71b366f19
	   |-- fabric-command-api-v2 2.2.28+6ced4dd919
	   |-- fabric-commands-v0 0.2.66+df3654b319
	   |-- fabric-content-registries-v0 8.0.19+b559734419
	   |-- fabric-convention-tags-v1 2.1.7+7f945d5b19
	   |-- fabric-convention-tags-v2 2.12.0+c3656daa19
	   |-- fabric-crash-report-info-v1 0.2.29+0af3f5a719
	   |-- fabric-data-attachment-api-v1 1.4.7+5b36e0f719
	   |-- fabric-data-generation-api-v1 20.3.0+1eb36c0719
	   |-- fabric-dimensions-v1 4.0.1+65213ef819
	   |-- fabric-entity-events-v1 1.8.0+2b27e0a419
	   |-- fabric-events-interaction-v0 0.7.14+ba9dae0619
	   |-- fabric-game-rule-api-v1 1.0.53+6ced4dd919
	   |-- fabric-item-api-v1 11.3.0+467044f319
	   |-- fabric-item-group-api-v1 4.1.7+def88e3a19
	   |-- fabric-lifecycle-events-v1 2.6.0+0865547519
	   |-- fabric-loot-api-v2 3.0.15+3f89f5a519
	   |-- fabric-loot-api-v3 1.0.3+3f89f5a519
	   |-- fabric-message-api-v1 6.0.14+8aaf3aca19
	   |-- fabric-networking-api-v1 4.3.1+d30f6a7919
	   |-- fabric-object-builder-api-v1 15.2.1+40875a9319
	   |-- fabric-particles-v1 4.0.2+6573ed8c19
	   |-- fabric-recipe-api-v1 5.0.16+2475392c19
	   |-- fabric-registry-sync-v0 5.3.2+e3eddc2119
	   |-- fabric-rendering-data-attachment-v1 0.3.49+73761d2e19
	   |-- fabric-rendering-fluids-v1 3.1.6+1daea21519
	   |-- fabric-resource-conditions-api-v1 4.3.0+8dc279b119
	   |-- fabric-resource-loader-v0 1.3.1+5b5275af19
	   |-- fabric-screen-handler-api-v1 1.3.91+b559734419
	   |-- fabric-tag-api-v1 1.3.0+1eb36c0719
	   |-- fabric-transfer-api-v1 5.4.4+7b3d111d19
	   \-- fabric-transitive-access-wideners-v1 6.2.0+45b9699719
	- fabricloader 0.19.5
	   \-- mixinextras 0.5.5
	- ferritecore 7.0.3
	- forgeconfigapiport 21.1.6
	   |-- com_electronwill_night-config_core 3.8.0
	   \-- com_electronwill_night-config_toml 3.8.0
	- java 26
	- krypton 0.2.8
	   \-- com_velocitypowered_velocity-native 3.3.0-SNAPSHOT
	- lithium 0.15.4+mc1.21.1
	- minecraft 1.21.1
	- modernfix 5.25.1+mc1.21.1
	- openpartiesandclaims 0.30.3
	- spark 1.10.109
	   \-- fabric-permissions-api-v0 0.3.1
	- spuds_shops 1.9.0
	- waystones 21.1.42
[00:10:00] [main/INFO]: SpongePowered MIXIN Subsystem Version=0.8.7 Source=file:/C:/Users/serva/Desktop/minecraft-info/server/libraries/net/fabricmc/sponge-mixin/0.17.4+mixin.0.8.7/sponge-mixin-0.17.4+mixin.0.8.7.jar Service=Knot/Fabric Env=SERVER
[00:10:00] [main/WARN]: Reference map 'balm.refmap.json' for balm.mixins.json could not be read. If this is a development environment you can ignore this message
[00:10:00] [main/WARN]: Reference map 'balm.refmap.json' for balm.fabric.mixins.json could not be read. If this is a development environment you can ignore this message
[00:10:00] [main/INFO]: Initializing com.ishland.c2me.base.mixin
[00:10:00] [main/INFO]: Global Executor Parallelism: 9 configured, 9 evaluated, 9 default evaluated
[00:10:00] [main/INFO]: Initializing com.ishland.c2me.fixes.chunkio.threading_issues.mixin
[00:10:00] [main/INFO]: Initializing com.ishland.c2me.fixes.general.threading_issues.mixin
[00:10:00] [main/INFO]: Initializing com.ishland.c2me.fixes.worldgen.threading_issues.mixin
[00:10:00] [main/INFO]: Initializing com.ishland.c2me.fixes.worldgen.vanilla_bugs.mixin
[00:10:00] [main/INFO]: Initializing com.ishland.c2me.notickvd.mixin
[00:10:00] [main/INFO]: Initializing com.ishland.c2me.opts.allocs.mixin
[00:10:00] [main/INFO]: Initializing com.ishland.c2me.opts.chunkio.mixin
[00:10:00] [main/INFO]: Initializing com.ishland.c2me.opts.dfc.mixin
[00:10:00] [main/INFO]: Initializing com.ishland.c2me.opts.math.mixin
[00:10:00] [main/INFO]: Initializing com.ishland.c2me.opts.natives_math.mixin
[00:10:01] [main/INFO]: Attempting to call native library. If your game crashes right after this point, native acceleration may not be available for your system.
[00:10:01] [main/INFO]: Detected maximum supported ISA target: AVX2
[00:10:01] [main/INFO]: Initializing com.ishland.c2me.opts.scheduling.mixin
[00:10:01] [main/INFO]: Initializing com.ishland.c2me.opts.worldgen.general.mixin
[00:10:01] [main/INFO]: Initializing com.ishland.c2me.opts.worldgen.vanilla.mixin
[00:10:01] [main/INFO]: Initializing com.ishland.c2me.rewrites.chunksystem.mixin
[00:10:01] [main/INFO]: Initializing com.ishland.c2me.rewrites.chunkio.mixin
[00:10:01] [main/INFO]: Initializing com.ishland.c2me.server.utils.mixin
[00:10:01] [main/INFO]: Initializing com.ishland.c2me.threading.lighting.mixin
[00:10:01] [main/WARN]: Reference map 'forgeconfigapiport.common.refmap.json' for forgeconfigapiport.common.mixins.json could not be read. If this is a development environment you can ignore this message
[00:10:01] [main/INFO]: Option 'mixin.entity.collisions.fluid' requires 'mixin.util.block_tracking=true' but found 'false'. Setting 'mixin.entity.collisions.fluid=false'.
[00:10:01] [main/INFO]: Option 'mixin.experimental.entity.block_caching.block_support' requires 'mixin.util.block_tracking=true' but found 'false'. Setting 'mixin.experimental.entity.block_caching.block_support=false'.
[00:10:01] [main/INFO]: Option 'mixin.experimental.entity.block_caching.fluid_pushing' requires 'mixin.util.block_tracking=true' but found 'false'. Setting 'mixin.experimental.entity.block_caching.fluid_pushing=false'.
[00:10:01] [main/INFO]: Option 'mixin.experimental.entity.block_caching.block_touching' requires 'mixin.util.block_tracking=true' but found 'false'. Setting 'mixin.experimental.entity.block_caching.block_touching=false'.
[00:10:01] [main/INFO]: Option 'mixin.experimental.entity.block_caching.suffocation' requires 'mixin.util.block_tracking=true' but found 'false'. Setting 'mixin.experimental.entity.block_caching.suffocation=false'.
[00:10:01] [main/INFO]: Option 'mixin.experimental.entity.block_caching' requires 'mixin.util.block_tracking=true' but found 'false'. Setting 'mixin.experimental.entity.block_caching=false'.
[00:10:01] [main/INFO]: Loaded configuration file for Lithium: 150 options available, 0 override(s) found
[00:10:01] [main/INFO]: Loaded configuration file for ModernFix 5.25.1+mc1.21.1: 65 options available, 3 override(s) found
[00:10:01] [main/WARN]: Option 'mixin.bugfix.paper_chunk_patches' overriden (by mods [c2me]) to 'false'
[00:10:01] [main/WARN]: Option 'mixin.perf.cache_strongholds' overriden (by mods [c2me]) to 'false'
[00:10:01] [main/WARN]: Option 'mixin.bugfix.chunk_deadlock' overriden (by mods [c2me]) to 'false'
[00:10:01] [main/INFO]: Applying Nashorn fix
[00:10:01] [main/WARN]: Reference map 'waystones.refmap.json' for waystones.mixins.json could not be read. If this is a development environment you can ignore this message
[00:10:01] [main/WARN]: Reference map 'waystones.refmap.json' for waystones.fabric.mixins.json could not be read. If this is a development environment you can ignore this message
[00:10:01] [main/WARN]: Error loading class: ca/spottedleaf/starlight/common/integration/v0/ChunkSystemHooks (java.lang.ClassNotFoundException: ca/spottedleaf/starlight/common/integration/v0/ChunkSystemHooks)
[00:10:01] [main/WARN]: @Mixin target ca/spottedleaf/starlight/common/integration/v0/ChunkSystemHooks was not found c2me-rewrites-chunk-system.mixins.json:scalablelux.MixinChunkSystemHooks from mod c2me-rewrites-chunk-system
[00:10:01] [main/WARN]: Error loading class: ca/spottedleaf/starlight/common/thread/SchedulingUtil (java.lang.ClassNotFoundException: ca/spottedleaf/starlight/common/thread/SchedulingUtil)
[00:10:01] [main/WARN]: Error loading class: com/electronwill/nightconfig/core/io/IoUtils (java.lang.ClassNotFoundException: com/electronwill/nightconfig/core/io/IoUtils)
[00:10:01] [main/INFO]: Initializing MixinExtras via com.llamalad7.mixinextras.service.MixinExtrasServiceImpl(version=0.5.5).
[00:10:04] [main/WARN]: Method overwrite conflict for method_21740 in modernfix-common.mixins.json:perf.remove_biome_temperature_cache.BiomeMixin from mod modernfix, previously written by net.caffeinemc.mods.lithium.mixin.world.temperature_cache.BiomeMixin. Skipping method.
[00:10:07] [main/INFO]: Vanilla bootstrap took 4761 milliseconds
[00:10:08] [main/INFO]: Mod proxy balm:permissions resolved as net.blay09.mods.balm.fabric.compat.FabricPermissionsAPIIntegration@6a6e3ecd
[00:10:08] [main/INFO]: Compression will use Java, encryption will use Java
[00:10:08] [main/INFO]: Registering mod blocks for spudaciousshops
[00:10:08] [main/INFO]: Registering mod items for spudaciousshops
[00:10:08] [main/INFO]: Registering block entities forspudaciousshops
[00:10:08] [main/INFO]: Registering screen handlers for spudaciousshops
[00:10:08] [main/INFO]: Registering mod loot table conditions for spudaciousshops
[00:10:08] [main/INFO]: Krypton is now accelerating your Minecraft server's networking stack 🚀
[00:10:08] [main/INFO]: Loading Open Parties and Claims!
[00:10:09] [main/INFO]: Environment: Environment[sessionHost=https://sessionserver.mojang.com, servicesHost=https://api.minecraftservices.com, name=PROD]
[00:10:11] [main/INFO]: Loaded 1553 recipes
[00:10:11] [main/INFO]: Loaded 1662 advancements
[00:10:11] [main/WARN]: Initial datapack load took 2.204 s
[00:10:11] [main/INFO]: Applied 63 biome modifications to 63 of 64 new biomes in 13.49 ms
[00:10:11] [Server thread/INFO]: Starting background profiler...
[00:10:11] [Server thread/INFO]: The async-profiler engine is not supported for your os/arch (windows11/amd64), so the built-in Java engine will be used instead.
[00:10:11] [Server thread/INFO]: Starting minecraft server version 1.21.1
[00:10:11] [Server thread/INFO]: Loading properties
[00:10:11] [Server thread/INFO]: Default game type: SURVIVAL
[00:10:11] [Server thread/INFO]: Generating keypair
[00:10:11] [Server thread/INFO]: Starting Minecraft server on *:25565
[00:10:11] [Server thread/INFO]: Using default channel type
[00:10:12] [Server thread/WARN]: **** SERVER IS RUNNING IN OFFLINE/INSECURE MODE!
[00:10:12] [Server thread/WARN]: The server will make no attempt to authenticate usernames. Beware.
[00:10:12] [Server thread/WARN]: While this makes the game possible to play without internet access, it also opens up the ability for hackers to connect with any username they choose.
[00:10:12] [Server thread/WARN]: To change this, set "online-mode" to "true" in the server.properties file.
[00:10:12] [Server thread/INFO]: Preparing level "world"
[00:10:12] [Server thread/INFO]: Initializing Open Parties and Claims for the server...
[00:10:12] [Server thread/INFO]: Loading server info!
[00:10:12] [Server thread/INFO]: Loading player configs...
[00:10:12] [Server thread/INFO]: Loaded player configs!
[00:10:12] [Server thread/INFO]: Loading parties...
[00:10:12] [Server thread/INFO]: Loaded parties!
[00:10:12] [Server thread/INFO]: Fixing party inconsistencies...
[00:10:12] [Server thread/INFO]: Registered party system for OPAC: default
[00:10:12] [Server thread/INFO]: Registered permission system for OPAC: permission_api
[00:10:12] [Server thread/WARN]: The configured primary party system "argonauts_guilds" isn't registered!
[00:10:12] [Server thread/INFO]: Configured OPAC to use the following party system as primary: default
[00:10:12] [Server thread/INFO]: Loading claims...
[00:10:12] [Server thread/INFO]: Loaded claims in 4ms
[00:10:12] [Server thread/WARN]: The configured permission system "prometheus" isn't registered!
[00:10:12] [Server thread/INFO]: Configured OPAC to use the following permission system: permission_api
[00:10:12] [Server thread/INFO]: Enforcing safe world random access
[00:10:13] [Server thread/INFO]: [STDOUT]: Density function compilation finished in 340.2 ms
[00:10:13] [Server thread/INFO]: Using TheSpeedyObjectFactory with Unsafe
[00:10:13] [Server thread/INFO]: [STDOUT]: Density function compilation finished in 31.12 ms
[00:10:14] [Server thread/INFO]: [STDOUT]: Density function compilation finished in 14.65 ms
[00:10:14] [Server thread/INFO]: Preparing start region for dimension minecraft:overworld
[00:10:14] [c2me-worker-5/INFO]: Preparing spawn area: 0%
[00:10:14] [c2me-worker-0/INFO]: Preparing spawn area: 2%
[00:10:14] [Server thread/INFO]: Time elapsed: 604 ms
[00:10:14] [Server thread/INFO]: Done (2.612s)! For help, type "help"
[00:10:14] [Server thread/WARN]: Dedicated server took 16.127 seconds to load
[00:10:14] [Server thread/INFO]: [STDOUT]: Lithium Cached BlockState Flags are disabled!
[00:10:43] [Server thread/INFO]: Player[/127.0.0.1:55002] logged in with entity id 36 at (-136.5, 64.0, 74.5)
[00:10:43] [Server thread/INFO]: Player joined the game
[00:10:44] [Server thread/INFO]: Updating all forceload tickets for a01e3843-e521-3998-958a-f459800e4d11
[00:12:12] [Server thread/INFO]: [Not Secure] * Player se
[00:12:54] [Server thread/INFO]: Player rolled 1 (from 1 to 10)
[00:12:57] [Server thread/INFO]: Player rolled 5 (from 1 to 10)
[00:13:35] [Server thread/INFO]: Set the time to 1000
[00:13:46] [Server thread/INFO]: Made Croksie a server operator
[00:13:50] [Server thread/INFO]: Player was slain by Zombie
[00:13:51] [Server thread/WARN]: Player moved too quickly! 111.21244867221114,-9.0,-341.8796829422896
[00:14:40] [Server thread/INFO]: [Player: ]
[00:14:40] [Server thread/INFO]: [Player: ===== Open Parties and Claims]
[00:14:40] [Server thread/INFO]: [Player: Claims: 0 / 500]
[00:14:40] [Server thread/INFO]: [Player: Forceload-marked: 0 / 10]
[00:14:40] [Server thread/INFO]: [Player: Name: N/A (main)]
[00:14:40] [Server thread/INFO]: [Player: Color: FFFAC8]
[00:14:40] [Server thread/INFO]: [Player: =====]
[00:14:47] [Server thread/INFO]: [Player: Successfully claimed the chunk at (-7, 5) in minecraft:overworld!]
[00:15:30] [Server thread/INFO]: Player lost connection: Disconnected
[00:15:30] [Server thread/INFO]: Player left the game
[00:15:30] [Server thread/INFO]: Updating all forceload tickets for a01e3843-e521-3998-958a-f459800e4d11
[00:52:50] [Server thread/WARN]: Can't keep up! Is the server overloaded? Running 1900136ms or 38002 ticks behind
[08:52:05] [Server thread/WARN]: Can't keep up! Is the server overloaded? Running 28739689ms or 574793 ticks behind
[10:15:13] [Server thread/WARN]: Can't keep up! Is the server overloaded? Running 4982624ms or 99652 ticks behind
[10:22:55] [Server thread/INFO]: Unknown or incomplete command, see below for error
[10:22:55] [Server thread/INFO]: c<--[HERE]
[10:23:00] [Server thread/INFO]: Stopping the server
[10:23:00] [Server thread/INFO]: Stopping IO worker...
[10:23:00] [Server thread/INFO]: Stopped IO worker!
[10:23:00] [Server thread/INFO]: Stopping server
[10:23:00] [Server thread/INFO]: Saving players
[10:23:00] [Server thread/INFO]: Saving worlds
[10:23:00] [Server thread/INFO]: ServerLevel[world]/minecraft:overworld: waiting for 841 chunks to unload
[10:23:01] [Server thread/INFO]: Saving chunks for level 'ServerLevel[world]'/minecraft:overworld
[10:23:01] [Server thread/INFO]: Saving chunks for level 'ServerLevel[world]'/minecraft:the_nether
[10:23:01] [Server thread/INFO]: Saving chunks for level 'ServerLevel[world]'/minecraft:the_end
[10:23:01] [Server thread/INFO]: ThreadedAnvilChunkStorage (world): All chunks are saved
[10:23:01] [Server thread/INFO]: ThreadedAnvilChunkStorage (DIM-1): All chunks are saved
[10:23:01] [Server thread/INFO]: ThreadedAnvilChunkStorage (DIM1): All chunks are saved
[10:23:01] [Server thread/INFO]: ThreadedAnvilChunkStorage: All dimensions are saved
[10:23:01] [C2ME Storage #3/INFO]: Storage thread Thread[#130,C2ME Storage #3,8,main] stopped
[10:23:01] [C2ME Storage #2/INFO]: Storage thread Thread[#129,C2ME Storage #2,8,main] stopped
[10:23:01] [C2ME Storage #1/INFO]: Storage thread Thread[#128,C2ME Storage #1,8,main] stopped
[10:23:01] [C2ME Storage #4/INFO]: Storage thread Thread[#131,C2ME Storage #4,8,main] stopped
[10:23:01] [C2ME Storage #9/INFO]: Storage thread Thread[#136,C2ME Storage #9,8,main] stopped
[10:23:01] [C2ME Storage #6/INFO]: Storage thread Thread[#133,C2ME Storage #6,8,main] stopped
[10:23:01] [C2ME Storage #5/INFO]: Storage thread Thread[#132,C2ME Storage #5,8,main] stopped
[10:23:01] [C2ME Storage #7/INFO]: Storage thread Thread[#134,C2ME Storage #7,8,main] stopped
[10:23:01] [C2ME Storage #8/INFO]: Storage thread Thread[#135,C2ME Storage #8,8,main] stopped
